═══════════════════════════════════════════════════════
  Amazon India Product Scraper v2 (Puppeteer + Stealth)
═══════════════════════════════════════════════════════
  Started: 2026-05-23T18:14:33.050Z

🏠 Warming up with Amazon.in homepage...
  Homepage loaded OK

━━━ Category: "smartphones under 30000" → Smartphones (2 pages) ━━━
  → Page 1: https://www.amazon.in/s?k=smartphones%20under%2030000&ref=nb_sb_noss
  Raw cards extracted: 21
    Page 1 valid products: 21 | Running: 21
  → Page 2: https://www.amazon.in/s?k=smartphones%20under%2030000&page=2
  Raw cards extracted: 22
    Page 2 valid products: 21 | Running: 38
  ✓ Smartphones: 38 products | Total so far: 38

━━━ Category: "laptops" → Laptops (2 pages) ━━━
  → Page 1: https://www.amazon.in/s?k=laptops&ref=nb_sb_noss
  Raw cards extracted: 22
    Page 1 valid products: 18 | Running: 17
  → Page 2: https://www.amazon.in/s?k=laptops&page=2
  Raw cards extracted: 22
    Page 2 valid products: 21 | Running: 32
  ✓ Laptops: 32 products | Total so far: 70

━━━ Category: "wireless headphones" → Headphones (2 pages) ━━━
  → Page 1: https://www.amazon.in/s?k=wireless%20headphones&ref=nb_sb_noss
  Raw cards extracted: 22
    Page 1 valid products: 21 | Running: 21
  → Page 2: https://www.amazon.in/s?k=wireless%20headphones&page=2
  Raw cards extracted: 22
    Page 2 valid products: 22 | Running: 38
  ✓ Headphones: 38 products | Total so far: 108

━━━ Category: "smartwatches" → Watches (2 pages) ━━━
  → Page 1: https://www.amazon.in/s?k=smartwatches&ref=nb_sb_noss
  Raw cards extracted: 22
    Page 1 valid products: 21 | Running: 20
  → Page 2: https://www.amazon.in/s?k=smartwatches&page=2
  Raw cards extracted: 22
    Page 2 valid products: 22 | Running: 40
  ✓ Watches: 40 products | Total so far: 148

━━━ Category: "tablets android" → Tablets (1 pages) ━━━
  → Page 1: https://www.amazon.in/s?k=tablets%20android&ref=nb_sb_noss
  Raw cards extracted: 16
    Page 1 valid products: 16 | Running: 16
  ✓ Tablets: 16 products | Total so far: 164

━━━ Category: "4k televisions 43 inch" → Televisions (1 pages) ━━━
  → Page 1: https://www.amazon.in/s?k=4k%20televisions%2043%20inch&ref=nb_sb_noss
  Raw cards extracted: 22
    Page 1 valid products: 19 | Running: 18
  ✓ Televisions: 18 products | Total so far: 182

━━━ Category: "bluetooth speakers" → Speakers (1 pages) ━━━
  → Page 1: https://www.amazon.in/s?k=bluetooth%20speakers&ref=nb_sb_noss
  Raw cards extracted: 22
    Page 1 valid products: 21 | Running: 20
  ✓ Speakers: 20 products | Total so far: 202

━━━ Category: "power banks 20000mah" → Power Banks (1 pages) ━━━
  → Page 1: https://www.amazon.in/s?k=power%20banks%2020000mah&ref=nb_sb_noss
  Raw cards extracted: 22
    Page 1 valid products: 21 | Running: 19
  ✓ Power Banks: 19 products | Total so far: 221

━━━ Category: "dslr camera" → Cameras (1 pages) ━━━
  → Page 1: https://www.amazon.in/s?k=dslr%20camera&ref=nb_sb_noss
  Raw cards extracted: 22
    Page 1 valid products: 22 | Running: 21
  ✓ Cameras: 21 products | Total so far: 242

━━━ Category: "gaming controller ps5" → Gaming (1 pages) ━━━
  → Page 1: https://www.amazon.in/s?k=gaming%20controller%20ps5&ref=nb_sb_noss
  Raw cards extracted: 22
    Page 1 valid products: 20 | Running: 20
  ✓ Gaming: 20 products | Total so far: 262

━━━━━━━━━━━━━━━━━━━━━━━━━━━━━━━━━━━━━━━━━━━━━━━━━━
Total scraped from search pages: 262

  Enriching category: Smartphones

📋 Enriching top 15 products with detail page data...
  Enriching (1/15): iQOO Z10 5G (Stellar Black, 8GB RAM, 128GB Storage)...
  Enriching (2/15): iQOO Z10R 5G (Aquamarine, 12GB RAM, 256GB Storage)...
  Enriching (3/15): realme NARZO 80 Pro 5G (Speed Silver,12GB+256GB)...
  Enriching (4/15): Samsung Galaxy M17 5G Mobile (Moonlight Silver, 4GB RAM...
  Enriching (5/15): REDMI 15 5G Frosted White 8GB + 256GB...
  Enriching (6/15): Samsung Galaxy M56 5G Mobile (Light Green,8GB RAM,128GB...
  Enriching (7/15): Samsung Galaxy M36 5G Mobile (Velvet Black, 8GB RAM, 12...
  Enriching (8/15): Motorola Edge 60 Fusion 5G Smartphone with 6.67" 120Hz ...
  Enriching (9/15): Motorola Edge 60 Fusion (Pantone Amazonite, 12GB RAM, 2...
  Enriching (10/15): iQOO Z11x 5G (Titan Black, 8GB RAM, 256 GB Storage)...
  Enriching (11/15): iQOO Z11x 5G (Titan Black, 6GB RAM, 128 GB Storage)...
  Enriching (12/15): Nothing Phone (3a) 5G (8GB RAM + 128GB Storage) (White)...
  Enriching (13/15): Motorola Edge 60 Pro 5G (Pantone Shadow, 8GB RAM, 256GB...
  Enriching (14/15): Motorola Edge 70 Fusion 5G (Pantone Blue Surf, 8GB RAM,...
  Enriching (15/15): Motorola Edge 60 Stylus (Web, 8+256)...
  ✅ Enriched 15 products with descriptions & specs

  Enriching category: Laptops

📋 Enriching top 15 products with detail page data...
  Enriching (1/15): HP 15, 13th Gen Intel Core i3-1315U Laptop (8GB DDR4,51...
  Enriching (2/15): Lenovo IdeaPad 1 AMD Ryzen 5 5500U 15.6" HD Thin and Li...
  Enriching (3/15): Dell G15, 13th Gen Intel Core i5-13450HX Processor, NVI...
  Enriching (4/15): Dell 15 (Previously Inspiron) Laptop, 14th Gen Intel Co...
  Enriching (5/15): acer SmartChoice Aspire Lite, AMD Ryzen 5-5625U Process...
  Enriching (6/15): ASUS TUF A15 (2025), AMD Ryzen 7 7445HS,RTX 3050-4GB,75...
  Enriching (7/15): Acer Smartchoice Aspire One, Intel Core Celeron N4500, ...
  Enriching (8/15): Dell 15, 13th Gen Intel Core i5-1334U (16GB DDR4, 512GB...
  Enriching (9/15): HP 15 Smartchoice, 13th Gen Intel Core i3-1315U (12GB D...
  Enriching (10/15): Acer Aspire 3 Laptop Intel Core Celeron N4500 Processor...
  Enriching (11/15): Lenovo V15 G4 AMD Ryzen 5 7520U 15.6 inch FHD Laptop, A...
  Enriching (12/15): HP Victus, AMD Ryzen 7 7445HS, 4GB RTX 2050, 16GB DDR5(...
  Enriching (13/15): Lenovo V15 G4 AMD Athlon Silver 7120U Laptop 8GB LPDDR5...
  Enriching (14/15): ASUS Vivobook 15, 13th Gen, Intel Core i3-1315U, 16GB R...
  Enriching (15/15): HP 255 Notebook, AMD Athlon Silver 7120U,8GB DDR4, 256G...
  ✅ Enriched 15 products with descriptions & specs

  Enriching category: Headphones

📋 Enriching top 15 products with detail page data...
  Enriching (1/15): Zebronics Thunder (2026 Upgrade) Wireless Headphones, B...
  Enriching (2/15): Boat Rockerz Plus 550, Customizable Earcups, 100H Batte...
  Enriching (3/15): Boat Rockerz 512 ANC,(~40dB) Hybrid ANC, 80H Battery, 4...
  Enriching (4/15): Sony WH-CH520 Wireless Bluetooth Headphones On Ear with...
  Enriching (5/15): Boat Rockerz 411, 40Ms Low Latency, 40Hrs Battery, 40Mm...
  Enriching (6/15): JBL Tune 510BT, On Ear Wireless Headphones with Mic, up...
  Enriching (7/15): Sony WH-1000XM5 Best Active Noise Cancelling Wireless B...
  Enriching (8/15): Sony WH-CH720N Active Noise Cancellation Wireless Bluet...
  Enriching (9/15): JBL Tune 770NC Wireless Over Ear ANC Headphones with Mi...
  Enriching (10/15): Boat Rockerz 113, 40H Battery, Dual Pair, Fast Charge, ...
  Enriching (11/15): Boat Airdopes Joy, 35Hrs Battery, Fast Charge, IWP Tech...
  Enriching (12/15): Skullcandy Hesh ANC Wireless Bluetooth Over-Ear Headpho...
  Enriching (13/15): boAt Rockerz 480, RGB LEDs,6 Light Modes, 40mm Drivers,...
  Enriching (14/15): Portronics Harmonics Z7 Bluetooth Wireless in Ear Earph...
  Enriching (15/15): ZEBRONICS Zeb-Evolve BTv5.0, Voice Assistant, Rapid Cha...
  ✅ Enriched 15 products with descriptions & specs

  Enriching category: Watches

📋 Enriching top 15 products with detail page data...
  Enriching (1/15): Fire-Boltt Talk Round Smart Watch 1.39″ TFT Display wit...
  Enriching (2/15): Fire-Boltt Rise Smart Watch 1.85″ with Bluetooth Callin...
  Enriching (3/15): Boat Wave Call 3 Smartwatch 1.83” HD Display with Anima...
  Enriching (4/15): Boat Lunar Discovery Neo, 1.39" (3.5 cm) Round HD Displ...
  Enriching (5/15): Fire-Boltt Ninja X Ring Smart Watch with 1.96” Large Di...
  Enriching (6/15): Fire-Boltt Axiom Round Smart Watch 1.43″ Super AMOLED D...
  Enriching (7/15): Fire-Boltt Phoenix Pro Round Smart Watch 1.39″ HD Displ...
  Enriching (8/15): Boat Lunar Discovery w/ 1.39" (3.5 cm) HD Display, Turn...
  Enriching (9/15): mi Smart Watch for Kids Boys Men Women Girls ID116 2026...
  Enriching (10/15): Noise Diva (Smartchoice) Smartwatch with Diamond Cut di...
  Enriching (11/15): Bouncefit D20 Y68 Fitness Band Smart Watch for Men, Wom...
  Enriching (12/15): Fastrack Limitless Glide X 1.83" Smart Watch with Ultra...
  Enriching (13/15): Boat Ultima Ember smartwatch with 1.96” AMOLED Display,...
  Enriching (14/15): Fastrack Astor FR2 Pro 1.43" AMOLED Stainless Steel Sma...
  Enriching (15/15): Bouncefit M I D116 Fitness Band Smart Watch for Men, Wo...
  ✅ Enriched 15 products with descriptions & specs

  Enriching category: Tablets

📋 Enriching top 15 products with detail page data...
  Enriching (1/15): ECOPAD Android 13 Tablet 2023 - 10 Inch With 6GB RAM, 6...
  Enriching (2/15): Lenovo Tab Plus with Octa JBL Hi-Fi Speakers| 8 GB RAM,...
  Enriching (3/15): IWEGGO - Android 14 tablet, 10 inch, 8GB RAM+64GB ROM+1...
  Enriching (4/15): CUPEISI Android 13 Tablet 10 inch 12GB RAM+128GB ROM/1T...
  Enriching (5/15): Lenovo {Smartchoice} Idea Tab Pro with Pen Plus|12.7" 3...
  Enriching (6/15): OnePlus Pad Lite with Biggest Battery in Segment 9340 m...
  Enriching (7/15): Lenovo Tab| 10.1 Inch Display| Wi-Fi Only| 4 GB RAM + 6...
  Enriching (8/15): Redmi Pad 2, WiFi Active Pen Support, 27.94Cm(11") Mode...
  Enriching (9/15): Lenovo Idea Tab Smartchoice |11-inch 2.5K Clear Display...
  Enriching (10/15): IWEGGO 15 Android Tablet, 10 18GB RAM + 128GB ROM/2TB E...
  Enriching (11/15): Lenovo Idea Tab Pro Gen 2 with Pen Plus...
  Enriching (12/15): DOMO Slate SLP9 OS12 T310 10.1-Inch IPS LCD, 4G Tablet ...
  Enriching (13/15): DOMO Slate SL39 10.1-Inch 4G Tablet PC, inbuilt Storage...
  Enriching (14/15): IKALL N12 Pro 7-Inch Android Tablet...
  Enriching (15/15): Lenovo/Tab K9/8.7"/MediaTek/Android 14/4GB Soldered LPD...
  ✅ Enriched 15 products with descriptions & specs

  Enriching category: Televisions

📋 Enriching top 15 products with detail page data...
  Enriching (1/14): VW 109 cm (43 inches) Spectra Series Full HD Smart QLED...
  Enriching (2/14): LG 108 cms (43 inches) NU87 AI Series Nano 4K Ultra HD ...
  Enriching (3/14): Xiaomi 108 cm (43 inch) X Ultra HD 4K Smart Google LED ...
  Enriching (4/14): Vu 108cm (43 inches) Vibe Series 4K QLED Smart Google T...
  Enriching (5/14): Xiaomi 108 cm (43 inch) FX Pro QLED Ultra HD 4K Smart F...
  Enriching (6/14): Philips 109 cm (43 inches) 8100 Series 4K Ultra HD Smar...
  Enriching (7/14): Sony 108 cm (43 inches) BRAVIA 2M2 Series 4K Ultra HD S...
  Enriching (8/14): TCL 108 cm (43 inches) Metallic Bezel Less Series 4K Ul...
  Enriching (9/14): Xiaomi 108 cm (43 Inches) X Pro Series QLED 4K Ultra HD...
  Enriching (10/14): Samsung 108 cm (43 inches) Crystal 4K Vista Ultra HD Sm...
  Enriching (11/14): VW 108 cm (43 inches) Nano Sync Series 4K Ultra HD Smar...
  Enriching (12/14): VW 109 cm (43 inches) Pro Series 4K Ultra HD Smart QLED...
  Enriching (13/14): Onida 108 cm (43 inch) Nexg Series 4K Ultra HD LED Smar...
  Enriching (14/14): 109 cm (43 inches) Infinity Series 4K Ultra HD Smart QL...
  ✅ Enriched 14 products with descriptions & specs

  Enriching category: Speakers

📋 Enriching top 15 products with detail page data...
  Enriching (1/14): Zebronics ZEB-COUNTY 3W Wireless Bluetooth Portable Spe...
  Enriching (2/14): JBL Go Essential with Rich Base, Wireless Ultra Portabl...
  Enriching (3/14): Boat Aavante Bar 610, 25W Signature Sound, 2.0 CH with ...
  Enriching (4/14): Boat Aavante Bar 490 10W Signature Sound, Dual Full-Ran...
  Enriching (5/14): ZEBRONICS Astra 35, Portable Bluetooth Speaker, 16 Watt...
  Enriching (6/14): Dubstep Pop 1200 Portable Bluetooth Speaker...
  Enriching (7/14): ZEBRONICS Sound Feast 90 10W Output, Portable Wireless ...
  Enriching (8/14): Blaupunkt 2025 Launch ATOMIK Grab 20W Party Speaker Boo...
  Enriching (9/14): EDNITA jbl Ultra Mini Wireless Bluetooth Speaker with H...
  Enriching (10/14): XIAOMI Sound Outdoor Speaker (Black)...
  Enriching (11/14): PHILIPS TAS1400GY Wireless Bluetooth Speaker with Deep ...
  Enriching (12/14): jbl Small Ultra Bluetooth Speaker 4D with Loud Stereo S...
  Enriching (13/14): HAMMER Drop X1 5W Bluetooth Speaker with Twin Pairing, ...
  Enriching (14/14): Zebronics 2026 Launch Portable Bluetooth Speaker, 5W RM...
  ✅ Enriched 14 products with descriptions & specs

  Enriching category: Power Banks

📋 Enriching top 15 products with detail page data...
  Enriching (1/15): Ambrane 20000mAh Powerbank with in-Build Type C Cable, ...
  Enriching (2/15): Xiaomi Power Bank 4i 20000mAh 33W Super Fast Charging P...
  Enriching (3/15): URBN 20000 mAh Premium Edition Nano Power Bank...
  Enriching (4/15): Boat Energyshroom PB435 20000 mAh 35W Super Fast Chargi...
  Enriching (5/15): Lifelong Electronics 20000mAh 22.5W Fast Charging Power...
  Enriching (6/15): URBN Power Bank 20000mAh Fast Charging...
  Enriching (7/15): Boat Energyshroom PB400 Pro 20000 mAh 22.5W Pocket Size...
  Enriching (8/15): Ambrane 20000mAh Pocket Size Power Bank with Inbuilt Ty...
  Enriching (9/15): Amazon Basics 20000 mAh Power Bank...
  Enriching (10/15): URBN 20000mAh 35W Turbo Fast Charging Power Bank...
  Enriching (11/15): Portronics Power Shutter 20000mAh 15W Magnetic Wireless...
  Enriching (12/15): Stuffcool Major Ultra 65W PD Super Fast USB Charging 20...
  Enriching (13/15): Kratos Legend Champ Power Bank 20000mAh, Fast Charging ...
  Enriching (14/15): pTron Dynamo Power 20000mAh 22.5W Super Fast Charging, ...
  Enriching (15/15): Geonix Helio R200 | 22.5W Power Bank with 20000mAh Batt...
  ✅ Enriched 15 products with descriptions & specs

  Enriching category: Cameras

📋 Enriching top 15 products with detail page data...
  Enriching (1/15): KODAK PIXPRO FZ45-WH 16MP Digital Camera 4X Optical Zoo...
  Enriching (2/15): KODAK PIXPRO AZ405-BK 20MP Digital Camera 40X Optical Z...
  Enriching (3/15): Canon EOS R50 RF-S18-45mm f/4.5-6.3 is STM Mirrorless C...
  Enriching (4/15): Sony Alpha ILCE-7RM4A Full-Frame 61.0MP Mirrorless Digi...
  Enriching (5/15): Nikon Z50 Mirrorless Camera, 20.9 MP with Z DX 16-50Mm ...
  Enriching (6/15): Sony Alpha ILCE-6400M 24.2MP Mirrorless Digital SLR Cam...
  Enriching (7/15): Fujifilm X-M5 26.1MP APS-C X-Trans CMOS 4 with 15-45 f/...
  Enriching (8/15): Sony New Alpha ILCE-6100X (Previously ILCE-6100Y) with ...
  Enriching (9/15): Sony Digital Camera ZV-1F for Content Creators with Ult...
  Enriching (10/15): Sony Alpha ILCE-6700M APS-C Interchangeable-Lens Mirror...
  Enriching (11/15): Sony Alpha ZV-E10K (Previously ZV-E10L) with Upgraded S...
  Enriching (12/15): Nikon D850 45.7MP DSLR Camera Body only, 3X Optical Zoo...
  Enriching (13/15): Nikon D850 45.7MP Digital SLR Camera (Black) with AF-S ...
  Enriching (14/15): Sony Alpha ILCE-7RM5 Full-Frame High Resolution 61 MP C...
  Enriching (15/15): Nikon Digital Camera Z50II kit with NIKKOR Z DX 16-50mm...
  ✅ Enriched 15 products with descriptions & specs

  Enriching category: Gaming

📋 Enriching top 15 products with detail page data...
  Enriching (1/14): Sony PlayStation Dual Sense Wireless Gaming Controller ...
  Enriching (2/14): EDNITA Controller Cover for PS5 Silicone Skin, Controll...
  Enriching (3/14): Sony DualSense Wireless Controller Red (PlayStation 5)...
  Enriching (4/14): Sounce Anti-Slip Silicone Accessories Compatible with P...
  Enriching (5/14): EvoFox Play 2 PS4 Controller & PS5 (PS4 Games only), Pl...
  Enriching (6/14): Cosmic Byte Ares Tri-Mode Wireless, Bluetooth, Wired Co...
  Enriching (7/14): Sony Dualsense Edge Wireless Controller (Playstation 5)...
  Enriching (8/14): PlayStation Sony Ps5 Dualsense Wireless Controller - Ch...
  Enriching (9/14): Kreo Surge XB Wireless Gaming Controller with Hall Effe...
  Enriching (10/14): EvoFox One S Red V2 Universal 3-Mode Wireless Gaming Co...
  Enriching (11/14): acer Nitro Katana NT-02 Wireless Multi-Platform Game Co...
  Enriching (12/14): DualSense Wireless Controller with USB Cable...
  Enriching (13/14): DualSense Wireless Controller – Techno Red...
  Enriching (14/14): PS5 DUALSENSE RHYTHM BLUE...
  ✅ Enriched 14 products with descriptions & specs

Filtered: 262 → 201 (removed ads & low quality)

✅ Saved 201 products → amazon_products.csv

📊 SCRAPING SUMMARY
──────────────────────────────────────────────────

By Category:
  Smartphones          30
  Headphones           30
  Watches              28
  Laptops              25
  Power Banks          16
  Tablets              15
  Cameras              15
  Televisions          14
  Speakers             14
  Gaming               14

Top 15 Brands:
  Sony                 20
  boAt                 17
  Lenovo               10
  Motorola             9
  Apple                9
  Vivo                 8
  Samsung              7
  Xiaomi               7
  HP                   7
  Fire-Boltt           7
  Zebronics            6
  OnePlus              5
  Acer                 5
  JBL                  5
  iQOO                 4

  Products with descriptions : 147/201
  Products with specs        : 201/201
  Products with images       : 201/201
  Average rating             : 4.09
